23:42:54:171 (00008864) > [Startup] Marvel's Spider-Man Remastered
23:42:54:171 (00008864) > [Startup] ==============
23:42:54:171 (00008864) > [Startup] 
23:42:54:171 (00008864) > [Startup] Build: v1.812.1.0
23:42:54:171 (00008864) > [Startup] Windows 11.0 (build 26200)
23:42:54:171 (00008864) > [Startup] Game directory: C:\Users\<username>\OneDrive\Documents\Marvel's Spider-Man Remastered\
23:42:54:171 (00008864) > [Startup] 
23:42:54:171 (00008864) > [Startup] Memory statistics:
23:42:54:171 (00008864) > [Startup]   Total RAM = 15.7 GB (16087 MB)
23:42:54:171 (00008864) > [Startup]   Avail RAM = 8.1 GB (8247 MB)
23:42:54:171 (00008864) > [Startup]   Total virtual memory = 131072.0 GB (134217727 MB)
23:42:54:171 (00008864) > [Startup]   Avail virtual memory = 131062.7 GB (134208162 MB)
23:42:54:171 (00008864) > [Startup]   Total page file = 27.7 GB (28375 MB)
23:42:54:171 (00008864) > [Startup]   Avail page file = 12.7 GB (13005 MB)
23:42:54:171 (00008864) > [Startup] 
23:42:54:171 (00008864) > [NxApp] PreInit
23:42:54:171 (00008864) > [SwapChain] Initializing...
23:42:54:171 (00008864) > [DXGI] Initializing...
23:42:54:204 (00008864) > [DXGI] Successfully initialized.
23:42:54:204 (00008864) > [Render] Enumerating adapters:
23:42:54:205 (00008864) > [Render] 	Adapter 0:
23:42:54:205 (00008864) > [Monitor] 		Description             : NVIDIA GeForce RTX 2050
23:42:54:205 (00008864) > [Monitor] 		Vendor                  : nVidia (10de)
23:42:54:205 (00008864) > [Monitor] 		Device                  : 25ad
23:42:54:205 (00008864) > [Monitor] 		Sub system              : 13b61462
23:42:54:205 (00008864) > [Monitor] 		Revision                : 161
23:42:54:205 (00008864) > [Monitor] 		Dedicated Video Memory  : 3962 MB
23:42:54:205 (00008864) > [Monitor] 		Dedicated System Memory : 0000 MB
23:42:54:205 (00008864) > [Monitor] 		Shared System Memory    : 8043 MB
23:42:54:205 (00008864) > [Monitor] 
23:42:54:205 (00008864) > [Render] Loading NVAPI...
23:42:54:217 (00008864) > [Render] Done loading NVAPI
23:42:54:217 (00008864) > [Render] 	Adapter 1:
23:42:54:217 (00008864) > [Monitor] 		Description             : Intel(R) UHD Graphics
23:42:54:217 (00008864) > [Monitor] 		Vendor                  : Intel (8086)
23:42:54:217 (00008864) > [Monitor] 		Device                  : 46a3
23:42:54:217 (00008864) > [Monitor] 		Sub system              : 13b61462
23:42:54:217 (00008864) > [Monitor] 		Revision                : 12
23:42:54:217 (00008864) > [Monitor] 		Dedicated Video Memory  : 0128 MB
23:42:54:217 (00008864) > [Monitor] 		Dedicated System Memory : 0000 MB
23:42:54:217 (00008864) > [Monitor] 		Shared System Memory    : 8043 MB
23:42:54:217 (00008864) > [Monitor] 
23:42:54:218 (00008864) > [Render] 	Adapter 2:
23:42:54:218 (00008864) > [Monitor] 		Description             : Microsoft Basic Render Driver
23:42:54:218 (00008864) > [Monitor] 		Vendor                  : Unknown (1414)
23:42:54:218 (00008864) > [Monitor] 		Device                  : 8c
23:42:54:218 (00008864) > [Monitor] 		Sub system              : 0
23:42:54:218 (00008864) > [Monitor] 		Revision                : 0
23:42:54:218 (00008864) > [Monitor] 		Dedicated Video Memory  : 0000 MB
23:42:54:218 (00008864) > [Monitor] 		Dedicated System Memory : 0000 MB
23:42:54:218 (00008864) > [Monitor] 		Shared System Memory    : 8043 MB
23:42:54:218 (00008864) > [Monitor] 
23:42:54:218 (00008864) > [Render] Enumerating monitors:
23:42:54:218 (00008864) > [Render] 	Monitor 0: handle = 0000000000010001, aspect = 1.78, rounded aspect = 1.78
23:42:54:218 (00008864) > [Render] 
23:42:54:218 (00008864) > [Render] 	Monitor handle = 0000000000010001, pixel aspect ratio = 1.00
23:42:54:218 (00008864) > [SwapChain] Successfully initialized.
23:42:54:218 (00008864) > [Render] Enumerating Display Modes:
23:42:54:219 (00008864) > [Render] Querying NVAPI for Surround modes
23:42:54:222 (00008864) > [Render] NvAPI_DISP_GetGDIPrimaryDisplayId returned NVAPI_NVIDIA_DEVICE_NOT_FOUND (fffffffa)

23:42:54:222 (00008864) > [Render] 	Monitor '1 (NVIDIA GeForce RTX 2050(1))' (0000000000010001):
23:42:54:222 (00008864) > [Render] 		- Mode  0 :  800 x  600 @ 144 Hz, stereo = 0, hdr = 0
23:42:54:222 (00008864) > [Render] 		- Mode  1 :  800 x  600 @  60 Hz, stereo = 0, hdr = 0
23:42:54:222 (00008864) > [Render] 		- Mode  2 : 1024 x  768 @ 144 Hz, stereo = 0, hdr = 0
23:42:54:222 (00008864) > [Render] 		- Mode  3 : 1024 x  768 @  60 Hz, stereo = 0, hdr = 0
23:42:54:222 (00008864) > [Render] 		- Mode  4 : 1152 x  864 @ 144 Hz, stereo = 0, hdr = 0
23:42:54:222 (00008864) > [Render] 		- Mode  5 : 1152 x  864 @  60 Hz, stereo = 0, hdr = 0
23:42:54:222 (00008864) > [Render] 		- Mode  6 : 1280 x  600 @ 144 Hz, stereo = 0, hdr = 0
23:42:54:222 (00008864) > [Render] 		- Mode  7 : 1280 x  600 @  60 Hz, stereo = 0, hdr = 0
23:42:54:222 (00008864) > [Render] 		- Mode  8 : 1280 x  720 @ 144 Hz, stereo = 0, hdr = 0
23:42:54:222 (00008864) > [Render] 		- Mode  9 : 1280 x  720 @  60 Hz, stereo = 0, hdr = 0
23:42:54:222 (00008864) > [Render] 		- Mode 10 : 1280 x  768 @ 144 Hz, stereo = 0, hdr = 0
23:42:54:222 (00008864) > [Render] 		- Mode 11 : 1280 x  768 @  60 Hz, stereo = 0, hdr = 0
23:42:54:222 (00008864) > [Render] 		- Mode 12 : 1280 x  800 @ 144 Hz, stereo = 0, hdr = 0
23:42:54:222 (00008864) > [Render] 		- Mode 13 : 1280 x  800 @  60 Hz, stereo = 0, hdr = 0
23:42:54:222 (00008864) > [Render] 		- Mode 14 : 1280 x  960 @ 144 Hz, stereo = 0, hdr = 0
23:42:54:222 (00008864) > [Render] 		- Mode 15 : 1280 x  960 @  60 Hz, stereo = 0, hdr = 0
23:42:54:222 (00008864) > [Render] 		- Mode 16 : 1280 x 1024 @ 144 Hz, stereo = 0, hdr = 0
23:42:54:222 (00008864) > [Render] 		- Mode 17 : 1280 x 1024 @  60 Hz, stereo = 0, hdr = 0
23:42:54:222 (00008864) > [Render] 		- Mode 18 : 1360 x  768 @ 144 Hz, stereo = 0, hdr = 0
23:42:54:222 (00008864) > [Render] 		- Mode 19 : 1360 x  768 @  60 Hz, stereo = 0, hdr = 0
23:42:54:222 (00008864) > [Render] 		- Mode 20 : 1366 x  768 @ 144 Hz, stereo = 0, hdr = 0
23:42:54:222 (00008864) > [Render] 		- Mode 21 : 1366 x  768 @  60 Hz, stereo = 0, hdr = 0
23:42:54:222 (00008864) > [Render] 		- Mode 22 : 1400 x 1050 @ 144 Hz, stereo = 0, hdr = 0
23:42:54:222 (00008864) > [Render] 		- Mode 23 : 1400 x 1050 @  60 Hz, stereo = 0, hdr = 0
23:42:54:222 (00008864) > [Render] 		- Mode 24 : 1440 x  900 @ 144 Hz, stereo = 0, hdr = 0
23:42:54:222 (00008864) > [Render] 		- Mode 25 : 1440 x  900 @  60 Hz, stereo = 0, hdr = 0
23:42:54:222 (00008864) > [Render] 		- Mode 26 : 1600 x  900 @ 144 Hz, stereo = 0, hdr = 0
23:42:54:222 (00008864) > [Render] 		- Mode 27 : 1600 x  900 @  60 Hz, stereo = 0, hdr = 0
23:42:54:222 (00008864) > [Render] 		- Mode 28 : 1680 x 1050 @ 144 Hz, stereo = 0, hdr = 0
23:42:54:222 (00008864) > [Render] 		- Mode 29 : 1680 x 1050 @  60 Hz, stereo = 0, hdr = 0
23:42:54:222 (00008864) > [Render] 		- Mode 30 : 1920 x 1080 @ 144 Hz, stereo = 0, hdr = 0
23:42:54:222 (00008864) > [Render] 		- Mode 31 : 1920 x 1080 @  60 Hz, stereo = 0, hdr = 0
23:42:54:222 (00008864) > [Render] ***** Additional Monitor Output Info *****
23:42:54:222 (00008864) > [Render] 		BitsPerColor: 8
23:42:54:222 (00008864) > [Render] 		Primaries: R=0.5898;0.3496  G=0.3301;0.5547  B=0.1533;0.1191  White-Point=0.3135;0.3291
23:42:54:222 (00008864) > [Render] 		HDR: No (Color Space: DXGI_COLOR_SPACE_RGB_FULL_G22_NONE_P709)
23:42:54:222 (00008864) > [Render] 		Luminance: Min=0.5000 Max=270.0000 MaxFullFrame=270.0000
23:42:54:222 (00008864) > [Render] ******************************************
23:42:54:222 (00008864) > [Render] 
23:42:55:766 (00008864) > [D3D] Max supported feature level: 11.0
23:42:55:766 (00008864) > [Render] Disabled D3D12 experimentals
23:42:56:249 (00008864) > [Render] VMEM Budget: 3367 MB
23:42:56:249 (00008864) > [Render] VMEM Avaialbe: 3343 MB
23:42:56:249 (00008864) > [Render] GPU node count: 1
23:42:56:273 (00008864) > [NxApp] PreInit successful.
23:42:58:357 (00008864) > [NxUpscaler] DLSS init, code = 0x00000001, info: NVSDK_NGX_Result_Success
23:42:58:357 (00008864) > [NxUpscaler] DLSS allocate params, code = 0x00000001, info: NVSDK_NGX_Result_Success
23:42:58:378 (00008864) > [NxApp] Querying GPU Driver Info...
23:42:58:378 (00008864) > [NxApp] Enumerating available display adapters:
23:42:58:425 (00008864) > [NxApp] 		Intel(R) UHD Graphics
23:42:58:425 (00008864) > [NxApp] 		NVIDIA GeForce RTX 2050 (active)
23:42:58:425 (00008864) > [NxApp] Successfully found GPU Driver Info
23:43:04:569 (00008864) > [NxApp] Querying GPU Driver Info...
23:43:04:570 (00008864) > [NxApp] Enumerating available display adapters:
23:43:04:576 (00008864) > [NxApp] 		Intel(R) UHD Graphics
23:43:04:576 (00008864) > [NxApp] 		NVIDIA GeForce RTX 2050 (active)
23:43:04:576 (00008864) > [NxApp] Successfully found GPU Driver Info
23:43:04:576 (00008864) > [NxApp] Driver Desc: NVIDIA GeForce RTX 2050
23:43:04:576 (00008864) > [NxApp] Driver Version: 616.56
23:43:04:576 (00008864) > [**************************************************Display + Graphics Settings**************************************************] 
23:43:04:576 (00008864) > [Settings] DirectX Version: 12
23:43:04:576 (00008864) > [Settings] Window mode: Exclusive fullscreen
23:43:04:576 (00008864) > [Settings] Fullscreen display mode:
23:43:04:576 (00008864) > [Settings] 	Displaying on monitor: 0
23:43:04:576 (00008864) > [Settings] 	Resolution: 1600x900
23:43:04:576 (00008864) > [Settings] Settings Refresh rate: 60
23:43:04:576 (00008864) > [Settings] 	OS reported Refresh rate: 144
23:43:04:576 (00008864) > [Settings] 	VSync: On
23:43:04:576 (00008864) > [Settings] 	HDR: Off
23:43:04:576 (00008864) > [Settings] 	Resolution modifier 1.000000
23:43:04:576 (00008864) > [Settings] 	Dynamic resolution FPS target: 0
23:43:04:576 (00008864) > [Settings] Anti aliasing: TAA

23:43:04:576 (00008864) > [Settings] Upscale method: DLSS

23:43:04:576 (00008864) > [Settings] Upscale quality: Quality

23:43:04:576 (00008864) > [Settings] Graphics Options:
23:43:04:576 (00008864) > [Settings] 	RT Reflections: Off
23:43:04:576 (00008864) > [Settings] 	Texture Quality: Medium
23:43:04:576 (00008864) > [Settings] 	Texture Filtering: Anisotropic16x
23:43:04:576 (00008864) > [Settings] 	Shadow Quality: Medium
23:43:04:576 (00008864) > [Settings] 	Depth of Field: Lowest
23:43:04:576 (00008864) > [Settings] 	Level of Detail: High
23:43:04:576 (00008864) > [Settings] 	Vehicle Detail: Medium
23:43:04:576 (00008864) > [Settings] 	Crowd Detail: Low
23:43:04:576 (00008864) > [Settings] 	Hair Quality: Low
23:43:04:576 (00008864) > [Settings] 	Ambient Occlusion: SSAO
23:43:04:576 (00008864) > [Settings] 	Screen Space Reflections: Normal
23:43:04:576 (00008864) > [Settings] 	Particle Lighting: Low

23:43:04:576 (00008864) > [Settings] 	Bloom: On
23:43:04:576 (00008864) > [Settings] 	Vignette: On
23:43:04:576 (00008864) > [Settings] 	Chromatic Aberration: On
23:43:04:577 (00008864) > [Settings] 	Motion Blur: 1.000000
23:43:04:577 (00008864) > [Settings] 	FOV Correction: 1.050000
23:43:04:577 (00008864) > [Settings] 	Film Grain Strength: 1.000000
23:43:04:577 (00008864) > [Settings] 	Lens Flares: On
23:43:04:577 (00008864) > [Settings] 	Screen Effects: On
23:43:04:577 (00008864) > [**************************************************Display + Graphics Settings**************************************************] 
23:43:04:577 (00008864) > [NxApp] Creating window...
23:43:04:581 (00022284) > [GameWindow] UpdateState bVisible true
23:43:04:611 (00022284) > [Input] Keyboard language: "English (United States)" (id: 1033)
23:43:04:611 (00022284) > [Input] Keyboard physical layout: "India" (id: 00004009)
23:43:04:611 (00022284) > [Input] Joystick            "Controller (Cosmic Byte Ares Wired Controller)"   product 654 vendor 1118 version 0 usage 5 usagePage 1 xinput yes
23:43:04:612 (00022284) > [Input] Human Input Device  "HID-compliant consumer control device"   product 2590 vendor 32903 version 512 usage 1 usagePage 12
23:43:04:612 (00022284) > [Input] Human Input Device  "HID-compliant consumer control device"   product 2590 vendor 32903 version 512 usage 1 usagePage 12
23:43:04:612 (00022284) > [Input] Human Input Device  "Microsoft Input Configuration Device"   product 0 vendor 0 version 0 usage 0 usagePage 0
23:43:04:612 (00022284) > [Input] Human Input Device  "HID-compliant touch pad"   product 12458 vendor 1267 version 1 usage 5 usagePage 13
23:43:04:612 (00022284) > [Input] Joystick            ""   product 2208 vendor 7119 version 260 usage 1 usagePage 65281 xinput no
23:43:04:612 (00022284) > [Input] Human Input Device  "HID-compliant consumer control device"   product 2590 vendor 32903 version 512 usage 1 usagePage 12
23:43:04:613 (00022284) > [Input] Human Input Device  "HID-compliant vendor-defined device"   product 12458 vendor 1267 version 1 usage 1 usagePage 65280
23:43:04:613 (00022284) > [Input] Human Input Device  "HID-compliant vendor-defined device"   product 2590 vendor 32903 version 512 usage 16 usagePage 65459
23:43:04:613 (00022284) > [Input] Human Input Device  "HID-compliant consumer control device"   product 2590 vendor 32903 version 512 usage 1 usagePage 12
23:43:04:613 (00022284) > [Input] Joystick            ""   product 2208 vendor 7119 version 260 usage 1 usagePage 12 xinput no
23:43:04:613 (00022284) > [Input] Human Input Device  "HID-compliant consumer control device"   product 0 vendor 1118 version 0 usage 1 usagePage 12
23:43:04:613 (00022284) > [Input] Human Input Device  "HID-compliant consumer control device"   product 2590 vendor 32903 version 512 usage 1 usagePage 12
23:43:04:614 (00022284) > [Input] Human Input Device  "Portable Device Control device"   product 2590 vendor 32903 version 512 usage 13 usagePage 1
23:43:04:614 (00022284) > [Input] Human Input Device  "HID-compliant consumer control device"   product 2590 vendor 32903 version 512 usage 1 usagePage 12
23:43:04:614 (00022284) > [Input] Human Input Device  "HID-compliant vendor-defined device"   product 2590 vendor 32903 version 512 usage 16 usagePage 65459
23:43:04:614 (00022284) > [Input] Human Input Device  "HID-compliant wireless radio controls"   product 0 vendor 0 version 0 usage 12 usagePage 1
23:43:04:615 (00022284) > [Input] Human Input Device  "HID-compliant consumer control device"   product 2590 vendor 32903 version 512 usage 1 usagePage 12
23:43:04:615 (00022284) > [Input] Keyboard            "HID Keyboard Device"   type 81 subType 0 mode 1 function 12 indicators 3 total 8
23:43:04:615 (00022284) > [Input] Keyboard            "HID Keyboard Device"   type 81 subType 0 mode 1 function 12 indicators 3 total 264
23:43:04:615 (00022284) > [Input] Keyboard            "Standard PS/2 Keyboard"   type 7 subType 0 mode 1 function 12 indicators 3 total 101
23:43:04:615 (00022284) > [Input] Keyboard            "HID Keyboard Device"   type 81 subType 0 mode 1 function 12 indicators 3 total 264
23:43:04:616 (00022284) > [Input] Mouse               "HID-compliant mouse"   id 128 buttons 2 sampleRate 0 horizontalWheel no
23:43:04:616 (00022284) > [Input] Mouse               "PS/2 Compatible Mouse"   id 2 buttons 3 sampleRate 100 horizontalWheel no
23:43:04:616 (00022284) > [Input] Mouse               "HID-compliant mouse"   id 256 buttons 5 sampleRate 0 horizontalWheel no
23:43:04:627 (00022284) > [Input] Using LibScePad
23:43:04:632 (00022284) > [Input] Gamepads connected: 0 -> 1
23:43:04:632 (00022284) > [Input] Gamepad for main player: 8
23:43:04:632 (00022284) > [XInput] Enumerating available xusb hid devices:

23:43:04:633 (00022284) > [Xinput] Found device: {D61CA365-5AF4-4486-998B-9DB4734C6CA3}(USB\VID_045E&PID_028E&REV_0036),Xbox 360 Controller for Windows 
	USB\VID_045E&PID_028E\00006F64096B22E0

23:43:04:635 (00022284) > [Xinput] Found device: {745A17A0-74D3-11D0-B6FE-00A0C90F57DA}(USB\VID_045E&PID_028E&IG_01),USB Input Device 
	USB\VID_045E&PID_028E&IG_01\6&25D75759&1&01

23:43:04:638 (00008864) > [NxApp] Window created.
23:43:04:638 (00008864) > [NxApp] Initializing swapchain...
23:43:04:638 (00024276) > [SwapChain] Creating...
23:43:04:638 (00024276) > [NxSwapChainImpl] Swapchain native backbuffer (windows) resolution: 1600x900
23:43:04:649 (00022284) > [Input] new Windows.Gaming.Input raw-controller found 45e 28e

23:43:04:689 (00024276) > [DXGI] Created swapchain.
23:43:06:164 (00024276) > [DXGI] Set-up exclusive fullscreen 
23:43:06:164 (00024276) > [NxDXGI] Creating exclusive fullscreen swapchain with refresh rate 60
23:43:07:728 (00024276) > [SwapChain] Gamma correction is enabled.
23:43:07:728 (00024276) > [SwapChain] Successfully created.
23:43:07:728 (00024276) > [NxSwapChainImpl] Swapchain native backbuffer (windows) resolution: 1600x900
23:43:07:728 (00008864) > [NxApp] Swapchain initialized
23:43:07:728 (00008864) > [NxApp] Initializing renderer...
23:43:07:729 (00008864) > [NxApp] Renderer initialized
23:43:07:780 (00008864) > [Render] File cache.pso contains 8933 pipelines and 0 duplicates
23:43:07:781 (00008864) > [Render] File C:\Users\<username>\AppData\Roaming\Insomniac Games\Marvel's Spider-Man Remastered\\cache.pso contains 26 pipelines and 0 duplicates
23:43:07:781 (00008864) > [Render] Support for Shader Model 6.6: Yes
23:43:07:781 (00008864) > [Render] Is UMA: No Is Cache Coherent: No
23:43:07:781 (00008864) > [Render] Using Cpu Buffer Optimize: No
23:43:09:711 (00008864) > [Input] Windows.Gaming.Input controller connected. index: 0
23:43:09:713 (00008864) > [Input] Gamepads connected: 1 -> 2
23:43:09:713 (00008864) > [Input] Gamepad for main player: 0
23:43:09:810 (00008864) > [Input] XInput disabled, disconnecting controller. index: 0
23:43:09:810 (00008864) > [Input] Gamepads connected: 2 -> 1
23:43:09:810 (00008864) > [Input] Gamepad for main player: 0
23:43:10:815 (00009516) > [Audio] Device (re)initialized 0x0 'Speakers (2- Realtek(R) Audio)'
23:43:10:870 (00014628) > [Save] Request type 3 failed with code 0x00000002
23:43:10:892 (00014628) > [Save] Request type 3 failed with code 0x00000002
23:43:13:276 (00008864) > [Save] Request load save type -1, control 128, target -1
23:43:13:277 (00014628) > [Save] Request type 3 failed with code 0x00000002
23:43:13:313 (00014628) > [Save] Request type 3 failed with code 0x00000002
23:43:13:356 (00008864) > [Save] Request load save type 0, control 128, target -1
23:43:13:375 (00014628) > [Save] Request type 3 failed with code 0x00000002
23:43:13:390 (00008864) > [Save] Request load save type 0, control 128, target -1
23:43:13:424 (00008864) > [Save] Request load save type 0, control 128, target -1
23:43:13:441 (00014628) > [Save] Request type 3 failed with code 0x00000002
23:43:13:458 (00008864) > [Save] Request load save type 0, control 128, target -1
23:43:13:474 (00014628) > [Save] Request type 3 failed with code 0x00000002
23:43:13:491 (00008864) > [Save] Request load save type 0, control 128, target -1
23:43:48:183 (00008864) > [Save] Request save type 2, control 0
23:43:53:748 (00008864) > [Save] Request save type 0, control 0
23:44:56:533 (00008864) > [Save] Request save type 0, control 0
23:46:00:080 (00008864) > [Save] Request save type 0, control 0
23:46:52:543 (00008864) > [Save] Request save type 0, control 0
23:46:52:543 (00008864) > [Save] Request save type 0, control 0
23:46:52:544 (00008864) > [Save] Request save type 0, control 0
23:48:00:254 (00008864) > [Save] Request save type 0, control 0
23:48:00:254 (00008864) > [Save] Request save type 0, control 0
23:48:00:271 (00008864) > [Save] Request save type 0, control 0
23:48:09:825 (00008864) > [Save] Request save type 0, control 0
23:48:09:825 (00008864) > [Save] Request save type 0, control 0
23:48:09:829 (00008864) > [Save] Request save type 0, control 0
23:49:25:641 (00008864) > [Save] Request save type 0, control 0
23:52:58:546 (00008864) > [Save] Request load save type 0, control 64, target -1
23:53:11:643 (00008864) > [Save] Request save type 0, control 68
23:53:12:643 (00008864) > [Save] Request load save type 0, control 64, target -1
23:53:18:674 (00008864) > [Save] Request save type 0, control 68
23:53:19:506 (00008864) > [Save] Request load save type 0, control 64, target -1
23:53:27:246 (00008864) > [Save] Request save type 0, control 36
23:53:27:546 (00008864) > [Save] Request load save type -1, control 128, target -1
23:53:27:560 (00014628) > [Save] Request type 3 failed with code 0x00000002
23:53:27:627 (00014628) > [Save] Request type 3 failed with code 0x00000002
23:53:30:409 (00008864) > [Save] Request save type 2, control 0
23:53:30:474 (00009516) > [Audio] Device removed 0x0
23:53:30:560 (00008864) > [NxApp] Destroying
23:53:32:100 (00008864) > [DXGI] Destroyed swapchain.
23:53:32:100 (00008864) > [SwapChain] Destroyed.
23:53:32:100 (00008864) > [SwapChain] Released.
23:53:32:100 (00008864) > [Render] Unloading NVAPI
23:53:32:100 (00008864) > [Render] Done unloading NVAPI
23:53:32:101 (00008864) > [DXGI] Destroyed swapchain.
23:53:32:101 (00008864) > [DXGI] Released.
--- NIXXES log closed ---
